command.list product
command.resolve product
comment.add product
comment.delete product
comment.edit product
comment.list product
dependency.add product
dependency.list product
dependency.remove product
error.record product
insights.summary product
law.get product
law.list product
logs.list product
metrics.summary product
orphans.migrate product
persona.get product
persona.list product
plan.continue product
plan.create product
plan.delete product
plan.edit product
plan.list product
plan.show product
plan.task.assign product
plan.task.claim_next product
plan.task.unassign product
plan.wave.add product
plan.wave.remove product
plan.wave.rename product
plan.wave.reorder product
progress.record product
project.edit product
project.overview product
project.list product
project.resume product
search product
skill.get product
skill.list product
solution.add product
solution.confirm product
solution.list_top product
tag.add product
tag.list product
tag.list_all product
tag.merge product
tag.remove product
task.archive product
task.assign product
task.continue product
task.create product
task.create_intent product
task.delete product
task.edit product
task.list product
task.transition product
task.unarchive product
task_activity.list product
template.list product
template.show product
workflow.show product
wiring.command_description wiring
wiring.selector wiring
wiring.set_now wiring
wiring.set_orphan_service wiring
wiring.set_project_selector wiring
wiring.set_settings wiring
wiring.set_snapshot wiring
wiring.snapshot wiring
wiring.synonyms wiring
