
  ┌──────────────────────────────────────────────────────────────────────────┐
  │▸ RELATED · 0 skills · 0 laws · 0 commands                                │
  ├──────────────────────────────────────────────────────────────────────────┤
  │       NAME                                TYPE    DETAIL                 │
  │› 漢字 ESC C0 C1                                                          │
  │  漢字 ESC C0 C1                                                          │
  └──────────────────────────────────────────────────────────────────────────┘
  ▲ 2