
  ┌──────────────────────────────────────────────────────────────────────────┐
  │▸ RELATED · 1 skills · 1 laws · 1 commands                                │
  ├──────────────────────────────────────────────────────────────────────────┤
  │       NAME                                TYPE    DETAIL                 │
  │› 01   漢字 ESC C0 C1                      漢字 E…                        │
  │  02   漢字 ESC C0 C1                      漢字 E… 漢字 ESC C0 C1         │
  │  03   漢字 ESC C0 C1                      漢字 E… 漢字 ESC C0 C11/1  (漢…│
  └──────────────────────────────────────────────────────────────────────────┘
  ▲ 2